Test Ouvrir Wifi:34.333333333333336
Test Fermer Wifi:74.0
Test Ouvrir Bluetooth:49.333333333333336
Test Pairing Bluetooth:62.333333333333336
Test Ouvrir Bluetooth:43.0
Test Pairing Bluetooth:46.5
Test Call Bluetooth:71.0
Test Answer Call Bluetooth:49.77777777777778
Test End Call Bluetooth:67.6923076923077
Test Supprimer Bluetooth:56.0
Test Fermer Bluetooth:53.0
Test Home_Button:46.6
Test Ouvrir YouTube App:55.92857142857143
Test Modifier Languages:47.41463414634146
Test Notification Réception:53.4
Test Notification Supprimer:46.5
Test Disable Notification:46.89473684210526
Test Modifier Manuellement Date:55.357142857142854
Test Modifier Synchronisation Automatique Date:61.2
Test GPS Location Functionality:0
Test GPS Multi-Location:55.0
Test Verfier Mise A Jour System:64.95
Test Audio Recording And Playback:52.526315789473685
Test Ouvrir Wifi:55.75
Test Fermer Wifi:80.0
