Test Ouvrir Wifi:2813.4827473958335
Test Fermer Wifi:2817.8518880208335
Test Verfier Mise A Jour System:2817.8518880208335
Test Ouvrir Bluetooth:2872.8001302083335
Test Pairing Bluetooth:2943.7399088541665
Test Ouvrir Bluetooth:2843.5651041666665
Test Pairing Bluetooth:2917.96044921875
Test Call Bluetooth:2962.513671875
Test Answer Call Bluetooth:2950.8623046875
Test End Call Bluetooth:2923.309119591346
Test Supprimer Bluetooth:2933.371337890625
Test Fermer Bluetooth:3015.037841796875
Test Home_Button:2883.7380859375
Test Ouvrir YouTube App:2900.8640485491073
Test Modifier Languages:3021.472227515244
Test Notification Réception:2969.9491796875
Test Notification Supprimer:2863.25830078125
Test Disable Notification:2885.2119654605262
Test Modifier Manuellement Date:2907.9666922433034
Test Modifier Synchronisation Automatique Date:2880.9794921875
Test GPS Location Functionality:0
Test GPS Multi-Location:2829.1868489583335
Test Verfier Mise A Jour System:2880.8365234375
Test Audio Recording And Playback:2916.6577919407896
Test Ouvrir Wifi:2945.345458984375
Test Fermer Wifi:2933.0712890625
Test Verfier Mise A Jour System:2933.0712890625
